[0m19:15:41.781254 [debug] [MainThread]: Sending event: {'category': 'dbt', 'action': 'invocation', 'label': 'start', 'context': [<snowplow_tracker.self_describing_json.SelfDescribingJson object at 0x00000194010F2B20>, <snowplow_tracker.self_describing_json.SelfDescribingJson object at 0x000001940437D340>, <snowplow_tracker.self_describing_json.SelfDescribingJson object at 0x000001940437D100>]}


============================== 19:15:41.806442 | fdd2feab-b61b-441e-99ec-7146a7f6f894 ==============================
[0m19:15:41.806442 [info ] [MainThread]: Running with dbt=1.10.23
[0m19:15:41.807452 [debug] [MainThread]: running dbt with arguments {'fail_fast': 'False', 'debug': 'False', 'log_cache_events': 'False', 'send_anonymous_usage_stats': 'True', 'warn_error_options': 'WarnErrorOptionsV2(error=[], warn=[], silence=[])', 'cache_selected_only': 'False', 'target_path': 'None', 'invocation_command': 'dbt init weather_analytics', 'version_check': 'True', 'empty': 'None', 'printer_width': '80', 'quiet': 'False', 'log_path': 'logs', 'partial_parse': 'True', 'warn_error': 'None', 'write_json': 'True', 'introspect': 'True', 'no_print': 'None', 'log_format': 'default', 'static_parser': 'True', 'profiles_dir': 'C:\\Users\\BARNA CHERIAN\\.dbt', 'use_experimental_parser': 'False', 'use_colors': 'True', 'indirect_selection': 'eager'}
[0m19:15:41.823694 [warn ] [MainThread]: [[33mWARNING[0m]: This version of dbt is deprecated and no longer receives regular patches, including for known bugs. Please upgrade to a newer supported version of dbt for new projects: https://docs.getdbt.com/docs/dbt-versions?utm_source=dbt-cli
[0m19:15:41.823694 [debug] [MainThread]: Sending event: {'category': 'dbt', 'action': 'deprecated_version_invocation', 'label': 'fdd2feab-b61b-441e-99ec-7146a7f6f894', 'context': [<snowplow_tracker.self_describing_json.SelfDescribingJson object at 0x000001940437D340>]}
[0m19:15:41.824696 [info ] [MainThread]: Creating dbt configuration folder at C:\Users\BARNA CHERIAN\.dbt
[0m19:15:41.826931 [debug] [MainThread]: Starter project path: C:\Users\BARNA CHERIAN\AppData\Local\Programs\Python\Python39\lib\site-packages\dbt\include\starter_project
[0m19:15:41.961125 [info ] [MainThread]: 
Your new dbt project "weather_analytics" was created!

For more information on how to configure the profiles.yml file,
please consult the dbt documentation here:

  https://docs.getdbt.com/docs/configure-your-profile

One more thing:

Need help? Don't hesitate to reach out to us via GitHub issues or on Slack:

  https://community.getdbt.com/

Happy modeling!

[0m19:15:41.961125 [info ] [MainThread]: Setting up your profile.
[0m19:15:51.360998 [info ] [MainThread]: Profile weather_analytics written to C:\Users\BARNA CHERIAN\.dbt\profiles.yml using target's sample configuration. Once updated, you'll be able to start developing with dbt.
[0m19:15:51.361999 [debug] [MainThread]: Command `dbt init` succeeded at 19:15:51.361999 after 9.68 seconds
[0m19:15:51.362999 [debug] [MainThread]: Sending event: {'category': 'dbt', 'action': 'invocation', 'label': 'end', 'context': [<snowplow_tracker.self_describing_json.SelfDescribingJson object at 0x00000194010F2B20>, <snowplow_tracker.self_describing_json.SelfDescribingJson object at 0x00000194044A60A0>, <snowplow_tracker.self_describing_json.SelfDescribingJson object at 0x000001940437D040>]}
[0m19:15:51.362999 [debug] [MainThread]: Flushing usage events
[0m19:15:52.333219 [debug] [MainThread]: An error was encountered while trying to flush usage events
[0m19:20:33.420632 [debug] [MainThread]: Sending event: {'category': 'dbt', 'action': 'invocation', 'label': 'start', 'context': [<snowplow_tracker.self_describing_json.SelfDescribingJson object at 0x000001709D4B59A0>, <snowplow_tracker.self_describing_json.SelfDescribingJson object at 0x000001709E7A0D90>, <snowplow_tracker.self_describing_json.SelfDescribingJson object at 0x000001709E7A0F70>]}


============================== 19:20:33.424478 | c0323751-0660-4338-9901-bf08ecd3165a ==============================
[0m19:20:33.424478 [info ] [MainThread]: Running with dbt=1.10.23
[0m19:20:33.425478 [debug] [MainThread]: running dbt with arguments {'debug': 'False', 'fail_fast': 'False', 'log_cache_events': 'False', 'send_anonymous_usage_stats': 'True', 'warn_error_options': 'WarnErrorOptionsV2(error=[], warn=[], silence=[])', 'cache_selected_only': 'False', 'no_print': 'None', 'log_format': 'default', 'version_check': 'True', 'empty': 'None', 'printer_width': '80', 'quiet': 'False', 'log_path': 'logs', 'introspect': 'True', 'warn_error': 'None', 'write_json': 'True', 'partial_parse': 'True', 'invocation_command': 'dbt init weather_analytics', 'target_path': 'None', 'static_parser': 'True', 'profiles_dir': 'C:\\Users\\BARNA CHERIAN\\.dbt', 'use_experimental_parser': 'False', 'use_colors': 'True', 'indirect_selection': 'eager'}
[0m19:20:33.440477 [warn ] [MainThread]: [[33mWARNING[0m]: This version of dbt is deprecated and no longer receives regular patches, including for known bugs. Please upgrade to a newer supported version of dbt for new projects: https://docs.getdbt.com/docs/dbt-versions?utm_source=dbt-cli
[0m19:20:33.440477 [debug] [MainThread]: Sending event: {'category': 'dbt', 'action': 'deprecated_version_invocation', 'label': 'c0323751-0660-4338-9901-bf08ecd3165a', 'context': [<snowplow_tracker.self_describing_json.SelfDescribingJson object at 0x000001709E7A0D90>]}
[0m19:20:33.442040 [info ] [MainThread]: A project called weather_analytics already exists here.
[0m19:20:33.443093 [debug] [MainThread]: Command `dbt init` succeeded at 19:20:33.443093 after 0.14 seconds
[0m19:20:33.444092 [debug] [MainThread]: Sending event: {'category': 'dbt', 'action': 'invocation', 'label': 'end', 'context': [<snowplow_tracker.self_describing_json.SelfDescribingJson object at 0x000001709D4B59A0>, <snowplow_tracker.self_describing_json.SelfDescribingJson object at 0x000001709E7720D0>, <snowplow_tracker.self_describing_json.SelfDescribingJson object at 0x000001709E772580>]}
[0m19:20:33.444092 [debug] [MainThread]: Flushing usage events
[0m19:20:34.375548 [debug] [MainThread]: An error was encountered while trying to flush usage events
[0m19:39:03.230621 [debug] [MainThread]: Sending event: {'category': 'dbt', 'action': 'invocation', 'label': 'start', 'context': [<snowplow_tracker.self_describing_json.SelfDescribingJson object at 0x0000011058335A00>, <snowplow_tracker.self_describing_json.SelfDescribingJson object at 0x000001105A5F3CD0>, <snowplow_tracker.self_describing_json.SelfDescribingJson object at 0x000001105A5F3EE0>]}


============================== 19:39:03.233787 | 02072a39-0675-487a-b688-5c7b2559318a ==============================
[0m19:39:03.233787 [info ] [MainThread]: Running with dbt=1.10.23
[0m19:39:03.235071 [debug] [MainThread]: running dbt with arguments {'fail_fast': 'False', 'debug': 'False', 'log_cache_events': 'False', 'send_anonymous_usage_stats': 'True', 'cache_selected_only': 'False', 'warn_error_options': 'WarnErrorOptionsV2(error=[], warn=[], silence=[])', 'no_print': 'None', 'invocation_command': "dbt show --inline SELECT * FROM {{ ref('stg_weather') }}", 'version_check': 'True', 'empty': 'None', 'printer_width': '80', 'partial_parse': 'True', 'introspect': 'True', 'quiet': 'False', 'warn_error': 'None', 'write_json': 'True', 'log_path': 'logs', 'target_path': 'None', 'log_format': 'default', 'static_parser': 'True', 'profiles_dir': 'C:\\Users\\BARNA CHERIAN\\.dbt', 'use_experimental_parser': 'False', 'use_colors': 'True', 'indirect_selection': 'eager'}
[0m19:39:03.235071 [info ] [MainThread]: This version of dbt is deprecated and no longer receives regular patches, including for known bugs. We recommend upgrading to a newer supported version of dbt: https://docs.getdbt.com/docs/dbt-versions
[0m19:39:03.236092 [debug] [MainThread]: Sending event: {'category': 'dbt', 'action': 'deprecated_version_invocation', 'label': '02072a39-0675-487a-b688-5c7b2559318a', 'context': [<snowplow_tracker.self_describing_json.SelfDescribingJson object at 0x0000011058335A00>]}
[0m19:39:03.236092 [error] [MainThread]: Encountered an error:
Runtime Error
  No dbt_project.yml found at expected path C:\Users\BARNA CHERIAN\Data_Engineering\weather-data-pipeline\dbt_project.yml
  Verify that each entry within packages.yml (and their transitive dependencies) contains a file named dbt_project.yml
  
[0m19:39:03.237088 [debug] [MainThread]: Command `dbt show` failed at 19:39:03.237088 after 0.14 seconds
[0m19:39:03.238075 [debug] [MainThread]: Sending event: {'category': 'dbt', 'action': 'invocation', 'label': 'end', 'context': [<snowplow_tracker.self_describing_json.SelfDescribingJson object at 0x0000011058335A00>, <snowplow_tracker.self_describing_json.SelfDescribingJson object at 0x000001105A5F3C10>, <snowplow_tracker.self_describing_json.SelfDescribingJson object at 0x000001105A5F3CD0>]}
[0m19:39:03.238075 [debug] [MainThread]: Flushing usage events
[0m19:39:04.171615 [debug] [MainThread]: An error was encountered while trying to flush usage events
